[
    {
        "first_name": "Jeanette", 
        "last_name": "PENDDRETH", 
        "email": "jpenddreth0@census.gov", 
        "location": "Unknown", 
        "ip_address": "26.58.193.2", 
        "id": 0
    }, 
    {
        "first_name": "Giavani", 
        "last_name": "FREDIANI", 
        "email": "gfrediani1@senate.gov", 
        "location": "Unknown", 
        "ip_address": "229.179.4.212", 
        "id": 1
    }, 
    {
        "first_name": "Noell", 
        "last_name": "BEA", 
        "email": "nbea2@imageshack.us", 
        "location": "Unknown", 
        "ip_address": "180.66.162.255", 
        "id": 2
    }, 
    {
        "first_name": "Willard", 
        "last_name": "VALEK", 
        "email": "wvalek3@vk.com", 
        "location": "Unknown", 
        "ip_address": "67.76.188.26", 
        "id": 3
    }
]